src/app/about/page.tsx(136,29): error TS2322: Type '{ hidden: { opacity: number; y: number; }; visible: (i: number) => { opacity: number; y: number; transition: { delay: number; duration: number; ease: string; }; }; }' is not assignable to type 'Variants'.
  Property 'visible' is incompatible with index signature.
    Type '(i: number) => { opacity: number; y: number; transition: { delay: number; duration: number; ease: string; }; }' is not assignable to type 'Variant'.
      Type '(i: number) => { opacity: number; y: number; transition: { delay: number; duration: number; ease: string; }; }' is not assignable to type 'TargetResolver'.
        Type '{ opacity: number; y: number; transition: { delay: number; duration: number; ease: string; }; }' is not assignable to type 'string | TargetAndTransition'.
          Type '{ opacity: number; y: number; transition: { delay: number; duration: number; ease: string; }; }' is not assignable to type 'TargetAndTransition'.
            Type '{ opacity: number; y: number; transition: { delay: number; duration: number; ease: string; }; }' is not assignable to type '{ transition?: Transition<any> | undefined; transitionEnd?: ResolvedValues$1 | undefined; }'.
              Types of property 'transition' are incompatible.
                Type '{ delay: number; duration: number; ease: string; }' is not assignable to type 'Transition<any> | undefined'.
                  Type '{ delay: number; duration: number; ease: string; }' is not assignable to type 'TransitionWithValueOverrides<any>'.
                    Type '{ delay: number; duration: number; ease: string; }' is not assignable to type 'ValueAnimationTransition<any>'.
                      Types of property 'ease' are incompatible.
                        Type 'string' is not assignable to type 'Easing | Easing[] | undefined'.
src/app/about/page.tsx(145,29): error TS2322: Type '{ hidden: { opacity: number; y: number; }; visible: (i: number) => { opacity: number; y: number; transition: { delay: number; duration: number; ease: string; }; }; }' is not assignable to type 'Variants'.
  Property 'visible' is incompatible with index signature.
    Type '(i: number) => { opacity: number; y: number; transition: { delay: number; duration: number; ease: string; }; }' is not assignable to type 'Variant'.
      Type '(i: number) => { opacity: number; y: number; transition: { delay: number; duration: number; ease: string; }; }' is not assignable to type 'TargetResolver'.
        Type '{ opacity: number; y: number; transition: { delay: number; duration: number; ease: string; }; }' is not assignable to type 'string | TargetAndTransition'.
          Type '{ opacity: number; y: number; transition: { delay: number; duration: number; ease: string; }; }' is not assignable to type 'TargetAndTransition'.
            Type '{ opacity: number; y: number; transition: { delay: number; duration: number; ease: string; }; }' is not assignable to type '{ transition?: Transition<any> | undefined; transitionEnd?: ResolvedValues$1 | undefined; }'.
              Types of property 'transition' are incompatible.
                Type '{ delay: number; duration: number; ease: string; }' is not assignable to type 'Transition<any> | undefined'.
                  Type '{ delay: number; duration: number; ease: string; }' is not assignable to type 'TransitionWithValueOverrides<any>'.
                    Type '{ delay: number; duration: number; ease: string; }' is not assignable to type 'ValueAnimationTransition<any>'.
                      Types of property 'ease' are incompatible.
                        Type 'string' is not assignable to type 'Easing | Easing[] | undefined'.
src/app/about/page.tsx(155,29): error TS2322: Type '{ hidden: { opacity: number; y: number; }; visible: (i: number) => { opacity: number; y: number; transition: { delay: number; duration: number; ease: string; }; }; }' is not assignable to type 'Variants'.
  Property 'visible' is incompatible with index signature.
    Type '(i: number) => { opacity: number; y: number; transition: { delay: number; duration: number; ease: string; }; }' is not assignable to type 'Variant'.
      Type '(i: number) => { opacity: number; y: number; transition: { delay: number; duration: number; ease: string; }; }' is not assignable to type 'TargetResolver'.
        Type '{ opacity: number; y: number; transition: { delay: number; duration: number; ease: string; }; }' is not assignable to type 'string | TargetAndTransition'.
          Type '{ opacity: number; y: number; transition: { delay: number; duration: number; ease: string; }; }' is not assignable to type 'TargetAndTransition'.
            Type '{ opacity: number; y: number; transition: { delay: number; duration: number; ease: string; }; }' is not assignable to type '{ transition?: Transition<any> | undefined; transitionEnd?: ResolvedValues$1 | undefined; }'.
              Types of property 'transition' are incompatible.
                Type '{ delay: number; duration: number; ease: string; }' is not assignable to type 'Transition<any> | undefined'.
                  Type '{ delay: number; duration: number; ease: string; }' is not assignable to type 'TransitionWithValueOverrides<any>'.
                    Type '{ delay: number; duration: number; ease: string; }' is not assignable to type 'ValueAnimationTransition<any>'.
                      Types of property 'ease' are incompatible.
                        Type 'string' is not assignable to type 'Easing | Easing[] | undefined'.
src/app/about/page.tsx(177,29): error TS2322: Type '{ hidden: { opacity: number; y: number; }; visible: (i: number) => { opacity: number; y: number; transition: { delay: number; duration: number; ease: string; }; }; }' is not assignable to type 'Variants'.
  Property 'visible' is incompatible with index signature.
    Type '(i: number) => { opacity: number; y: number; transition: { delay: number; duration: number; ease: string; }; }' is not assignable to type 'Variant'.
      Type '(i: number) => { opacity: number; y: number; transition: { delay: number; duration: number; ease: string; }; }' is not assignable to type 'TargetResolver'.
        Type '{ opacity: number; y: number; transition: { delay: number; duration: number; ease: string; }; }' is not assignable to type 'string | TargetAndTransition'.
          Type '{ opacity: number; y: number; transition: { delay: number; duration: number; ease: string; }; }' is not assignable to type 'TargetAndTransition'.
            Type '{ opacity: number; y: number; transition: { delay: number; duration: number; ease: string; }; }' is not assignable to type '{ transition?: Transition<any> | undefined; transitionEnd?: ResolvedValues$1 | undefined; }'.
              Types of property 'transition' are incompatible.
                Type '{ delay: number; duration: number; ease: string; }' is not assignable to type 'Transition<any> | undefined'.
                  Type '{ delay: number; duration: number; ease: string; }' is not assignable to type 'TransitionWithValueOverrides<any>'.
                    Type '{ delay: number; duration: number; ease: string; }' is not assignable to type 'ValueAnimationTransition<any>'.
                      Types of property 'ease' are incompatible.
                        Type 'string' is not assignable to type 'Easing | Easing[] | undefined'.
src/app/about/page.tsx(203,29): error TS2322: Type '{ hidden: { opacity: number; y: number; }; visible: (i: number) => { opacity: number; y: number; transition: { delay: number; duration: number; ease: string; }; }; }' is not assignable to type 'Variants'.
  Property 'visible' is incompatible with index signature.
    Type '(i: number) => { opacity: number; y: number; transition: { delay: number; duration: number; ease: string; }; }' is not assignable to type 'Variant'.
      Type '(i: number) => { opacity: number; y: number; transition: { delay: number; duration: number; ease: string; }; }' is not assignable to type 'TargetResolver'.
        Type '{ opacity: number; y: number; transition: { delay: number; duration: number; ease: string; }; }' is not assignable to type 'string | TargetAndTransition'.
          Type '{ opacity: number; y: number; transition: { delay: number; duration: number; ease: string; }; }' is not assignable to type 'TargetAndTransition'.
            Type '{ opacity: number; y: number; transition: { delay: number; duration: number; ease: string; }; }' is not assignable to type '{ transition?: Transition<any> | undefined; transitionEnd?: ResolvedValues$1 | undefined; }'.
              Types of property 'transition' are incompatible.
                Type '{ delay: number; duration: number; ease: string; }' is not assignable to type 'Transition<any> | undefined'.
                  Type '{ delay: number; duration: number; ease: string; }' is not assignable to type 'TransitionWithValueOverrides<any>'.
                    Type '{ delay: number; duration: number; ease: string; }' is not assignable to type 'ValueAnimationTransition<any>'.
                      Types of property 'ease' are incompatible.
                        Type 'string' is not assignable to type 'Easing | Easing[] | undefined'.
src/app/about/page.tsx(237,25): error TS2322: Type '{ hidden: { opacity: number; y: number; }; visible: (i: number) => { opacity: number; y: number; transition: { delay: number; duration: number; ease: string; }; }; }' is not assignable to type 'Variants'.
  Property 'visible' is incompatible with index signature.
    Type '(i: number) => { opacity: number; y: number; transition: { delay: number; duration: number; ease: string; }; }' is not assignable to type 'Variant'.
      Type '(i: number) => { opacity: number; y: number; transition: { delay: number; duration: number; ease: string; }; }' is not assignable to type 'TargetResolver'.
        Type '{ opacity: number; y: number; transition: { delay: number; duration: number; ease: string; }; }' is not assignable to type 'string | TargetAndTransition'.
          Type '{ opacity: number; y: number; transition: { delay: number; duration: number; ease: string; }; }' is not assignable to type 'TargetAndTransition'.
            Type '{ opacity: number; y: number; transition: { delay: number; duration: number; ease: string; }; }' is not assignable to type '{ transition?: Transition<any> | undefined; transitionEnd?: ResolvedValues$1 | undefined; }'.
              Types of property 'transition' are incompatible.
                Type '{ delay: number; duration: number; ease: string; }' is not assignable to type 'Transition<any> | undefined'.
                  Type '{ delay: number; duration: number; ease: string; }' is not assignable to type 'TransitionWithValueOverrides<any>'.
                    Type '{ delay: number; duration: number; ease: string; }' is not assignable to type 'ValueAnimationTransition<any>'.
                      Types of property 'ease' are incompatible.
                        Type 'string' is not assignable to type 'Easing | Easing[] | undefined'.
src/app/about/page.tsx(256,33): error TS2322: Type '{ hidden: { opacity: number; y: number; }; visible: (i: number) => { opacity: number; y: number; transition: { delay: number; duration: number; ease: string; }; }; }' is not assignable to type 'Variants'.
  Property 'visible' is incompatible with index signature.
    Type '(i: number) => { opacity: number; y: number; transition: { delay: number; duration: number; ease: string; }; }' is not assignable to type 'Variant'.
      Type '(i: number) => { opacity: number; y: number; transition: { delay: number; duration: number; ease: string; }; }' is not assignable to type 'TargetResolver'.
        Type '{ opacity: number; y: number; transition: { delay: number; duration: number; ease: string; }; }' is not assignable to type 'string | TargetAndTransition'.
          Type '{ opacity: number; y: number; transition: { delay: number; duration: number; ease: string; }; }' is not assignable to type 'TargetAndTransition'.
            Type '{ opacity: number; y: number; transition: { delay: number; duration: number; ease: string; }; }' is not assignable to type '{ transition?: Transition<any> | undefined; transitionEnd?: ResolvedValues$1 | undefined; }'.
              Types of property 'transition' are incompatible.
                Type '{ delay: number; duration: number; ease: string; }' is not assignable to type 'Transition<any> | undefined'.
                  Type '{ delay: number; duration: number; ease: string; }' is not assignable to type 'TransitionWithValueOverrides<any>'.
                    Type '{ delay: number; duration: number; ease: string; }' is not assignable to type 'ValueAnimationTransition<any>'.
                      Types of property 'ease' are incompatible.
                        Type 'string' is not assignable to type 'Easing | Easing[] | undefined'.
src/app/about/page.tsx(280,25): error TS2322: Type '{ hidden: { opacity: number; y: number; }; visible: (i: number) => { opacity: number; y: number; transition: { delay: number; duration: number; ease: string; }; }; }' is not assignable to type 'Variants'.
  Property 'visible' is incompatible with index signature.
    Type '(i: number) => { opacity: number; y: number; transition: { delay: number; duration: number; ease: string; }; }' is not assignable to type 'Variant'.
      Type '(i: number) => { opacity: number; y: number; transition: { delay: number; duration: number; ease: string; }; }' is not assignable to type 'TargetResolver'.
        Type '{ opacity: number; y: number; transition: { delay: number; duration: number; ease: string; }; }' is not assignable to type 'string | TargetAndTransition'.
          Type '{ opacity: number; y: number; transition: { delay: number; duration: number; ease: string; }; }' is not assignable to type 'TargetAndTransition'.
            Type '{ opacity: number; y: number; transition: { delay: number; duration: number; ease: string; }; }' is not assignable to type '{ transition?: Transition<any> | undefined; transitionEnd?: ResolvedValues$1 | undefined; }'.
              Types of property 'transition' are incompatible.
                Type '{ delay: number; duration: number; ease: string; }' is not assignable to type 'Transition<any> | undefined'.
                  Type '{ delay: number; duration: number; ease: string; }' is not assignable to type 'TransitionWithValueOverrides<any>'.
                    Type '{ delay: number; duration: number; ease: string; }' is not assignable to type 'ValueAnimationTransition<any>'.
                      Types of property 'ease' are incompatible.
                        Type 'string' is not assignable to type 'Easing | Easing[] | undefined'.
src/app/about/page.tsx(299,33): error TS2322: Type '{ hidden: { opacity: number; y: number; }; visible: (i: number) => { opacity: number; y: number; transition: { delay: number; duration: number; ease: string; }; }; }' is not assignable to type 'Variants'.
  Property 'visible' is incompatible with index signature.
    Type '(i: number) => { opacity: number; y: number; transition: { delay: number; duration: number; ease: string; }; }' is not assignable to type 'Variant'.
      Type '(i: number) => { opacity: number; y: number; transition: { delay: number; duration: number; ease: string; }; }' is not assignable to type 'TargetResolver'.
        Type '{ opacity: number; y: number; transition: { delay: number; duration: number; ease: string; }; }' is not assignable to type 'string | TargetAndTransition'.
          Type '{ opacity: number; y: number; transition: { delay: number; duration: number; ease: string; }; }' is not assignable to type 'TargetAndTransition'.
            Type '{ opacity: number; y: number; transition: { delay: number; duration: number; ease: string; }; }' is not assignable to type '{ transition?: Transition<any> | undefined; transitionEnd?: ResolvedValues$1 | undefined; }'.
              Types of property 'transition' are incompatible.
                Type '{ delay: number; duration: number; ease: string; }' is not assignable to type 'Transition<any> | undefined'.
                  Type '{ delay: number; duration: number; ease: string; }' is not assignable to type 'TransitionWithValueOverrides<any>'.
                    Type '{ delay: number; duration: number; ease: string; }' is not assignable to type 'ValueAnimationTransition<any>'.
                      Types of property 'ease' are incompatible.
                        Type 'string' is not assignable to type 'Easing | Easing[] | undefined'.
src/app/about/page.tsx(334,25): error TS2322: Type '{ hidden: { opacity: number; y: number; }; visible: (i: number) => { opacity: number; y: number; transition: { delay: number; duration: number; ease: string; }; }; }' is not assignable to type 'Variants'.
  Property 'visible' is incompatible with index signature.
    Type '(i: number) => { opacity: number; y: number; transition: { delay: number; duration: number; ease: string; }; }' is not assignable to type 'Variant'.
      Type '(i: number) => { opacity: number; y: number; transition: { delay: number; duration: number; ease: string; }; }' is not assignable to type 'TargetResolver'.
        Type '{ opacity: number; y: number; transition: { delay: number; duration: number; ease: string; }; }' is not assignable to type 'string | TargetAndTransition'.
          Type '{ opacity: number; y: number; transition: { delay: number; duration: number; ease: string; }; }' is not assignable to type 'TargetAndTransition'.
            Type '{ opacity: number; y: number; transition: { delay: number; duration: number; ease: string; }; }' is not assignable to type '{ transition?: Transition<any> | undefined; transitionEnd?: ResolvedValues$1 | undefined; }'.
              Types of property 'transition' are incompatible.
                Type '{ delay: number; duration: number; ease: string; }' is not assignable to type 'Transition<any> | undefined'.
                  Type '{ delay: number; duration: number; ease: string; }' is not assignable to type 'TransitionWithValueOverrides<any>'.
                    Type '{ delay: number; duration: number; ease: string; }' is not assignable to type 'ValueAnimationTransition<any>'.
                      Types of property 'ease' are incompatible.
                        Type 'string' is not assignable to type 'Easing | Easing[] | undefined'.
src/app/about/page.tsx(356,33): error TS2322: Type '{ hidden: { opacity: number; y: number; }; visible: (i: number) => { opacity: number; y: number; transition: { delay: number; duration: number; ease: string; }; }; }' is not assignable to type 'Variants'.
  Property 'visible' is incompatible with index signature.
    Type '(i: number) => { opacity: number; y: number; transition: { delay: number; duration: number; ease: string; }; }' is not assignable to type 'Variant'.
      Type '(i: number) => { opacity: number; y: number; transition: { delay: number; duration: number; ease: string; }; }' is not assignable to type 'TargetResolver'.
        Type '{ opacity: number; y: number; transition: { delay: number; duration: number; ease: string; }; }' is not assignable to type 'string | TargetAndTransition'.
          Type '{ opacity: number; y: number; transition: { delay: number; duration: number; ease: string; }; }' is not assignable to type 'TargetAndTransition'.
            Type '{ opacity: number; y: number; transition: { delay: number; duration: number; ease: string; }; }' is not assignable to type '{ transition?: Transition<any> | undefined; transitionEnd?: ResolvedValues$1 | undefined; }'.
              Types of property 'transition' are incompatible.
                Type '{ delay: number; duration: number; ease: string; }' is not assignable to type 'Transition<any> | undefined'.
                  Type '{ delay: number; duration: number; ease: string; }' is not assignable to type 'TransitionWithValueOverrides<any>'.
                    Type '{ delay: number; duration: number; ease: string; }' is not assignable to type 'ValueAnimationTransition<any>'.
                      Types of property 'ease' are incompatible.
                        Type 'string' is not assignable to type 'Easing | Easing[] | undefined'.
src/app/about/page.tsx(393,25): error TS2322: Type '{ hidden: { opacity: number; y: number; }; visible: (i: number) => { opacity: number; y: number; transition: { delay: number; duration: number; ease: string; }; }; }' is not assignable to type 'Variants'.
  Property 'visible' is incompatible with index signature.
    Type '(i: number) => { opacity: number; y: number; transition: { delay: number; duration: number; ease: string; }; }' is not assignable to type 'Variant'.
      Type '(i: number) => { opacity: number; y: number; transition: { delay: number; duration: number; ease: string; }; }' is not assignable to type 'TargetResolver'.
        Type '{ opacity: number; y: number; transition: { delay: number; duration: number; ease: string; }; }' is not assignable to type 'string | TargetAndTransition'.
          Type '{ opacity: number; y: number; transition: { delay: number; duration: number; ease: string; }; }' is not assignable to type 'TargetAndTransition'.
            Type '{ opacity: number; y: number; transition: { delay: number; duration: number; ease: string; }; }' is not assignable to type '{ transition?: Transition<any> | undefined; transitionEnd?: ResolvedValues$1 | undefined; }'.
              Types of property 'transition' are incompatible.
                Type '{ delay: number; duration: number; ease: string; }' is not assignable to type 'Transition<any> | undefined'.
                  Type '{ delay: number; duration: number; ease: string; }' is not assignable to type 'TransitionWithValueOverrides<any>'.
                    Type '{ delay: number; duration: number; ease: string; }' is not assignable to type 'ValueAnimationTransition<any>'.
                      Types of property 'ease' are incompatible.
                        Type 'string' is not assignable to type 'Easing | Easing[] | undefined'.
src/app/case-studies/page.tsx(124,25): error TS2322: Type '{ hidden: { opacity: number; y: number; }; visible: (i: number) => { opacity: number; y: number; transition: { delay: number; duration: number; ease: string; }; }; }' is not assignable to type 'Variants'.
  Property 'visible' is incompatible with index signature.
    Type '(i: number) => { opacity: number; y: number; transition: { delay: number; duration: number; ease: string; }; }' is not assignable to type 'Variant'.
      Type '(i: number) => { opacity: number; y: number; transition: { delay: number; duration: number; ease: string; }; }' is not assignable to type 'TargetResolver'.
        Type '{ opacity: number; y: number; transition: { delay: number; duration: number; ease: string; }; }' is not assignable to type 'string | TargetAndTransition'.
          Type '{ opacity: number; y: number; transition: { delay: number; duration: number; ease: string; }; }' is not assignable to type 'TargetAndTransition'.
            Type '{ opacity: number; y: number; transition: { delay: number; duration: number; ease: string; }; }' is not assignable to type '{ transition?: Transition<any> | undefined; transitionEnd?: ResolvedValues$1 | undefined; }'.
              Types of property 'transition' are incompatible.
                Type '{ delay: number; duration: number; ease: string; }' is not assignable to type 'Transition<any> | undefined'.
                  Type '{ delay: number; duration: number; ease: string; }' is not assignable to type 'TransitionWithValueOverrides<any>'.
                    Type '{ delay: number; duration: number; ease: string; }' is not assignable to type 'ValueAnimationTransition<any>'.
                      Types of property 'ease' are incompatible.
                        Type 'string' is not assignable to type 'Easing | Easing[] | undefined'.
src/app/case-studies/page.tsx(133,25): error TS2322: Type '{ hidden: { opacity: number; y: number; }; visible: (i: number) => { opacity: number; y: number; transition: { delay: number; duration: number; ease: string; }; }; }' is not assignable to type 'Variants'.
  Property 'visible' is incompatible with index signature.
    Type '(i: number) => { opacity: number; y: number; transition: { delay: number; duration: number; ease: string; }; }' is not assignable to type 'Variant'.
      Type '(i: number) => { opacity: number; y: number; transition: { delay: number; duration: number; ease: string; }; }' is not assignable to type 'TargetResolver'.
        Type '{ opacity: number; y: number; transition: { delay: number; duration: number; ease: string; }; }' is not assignable to type 'string | TargetAndTransition'.
          Type '{ opacity: number; y: number; transition: { delay: number; duration: number; ease: string; }; }' is not assignable to type 'TargetAndTransition'.
            Type '{ opacity: number; y: number; transition: { delay: number; duration: number; ease: string; }; }' is not assignable to type '{ transition?: Transition<any> | undefined; transitionEnd?: ResolvedValues$1 | undefined; }'.
              Types of property 'transition' are incompatible.
                Type '{ delay: number; duration: number; ease: string; }' is not assignable to type 'Transition<any> | undefined'.
                  Type '{ delay: number; duration: number; ease: string; }' is not assignable to type 'TransitionWithValueOverrides<any>'.
                    Type '{ delay: number; duration: number; ease: string; }' is not assignable to type 'ValueAnimationTransition<any>'.
                      Types of property 'ease' are incompatible.
                        Type 'string' is not assignable to type 'Easing | Easing[] | undefined'.
src/app/case-studies/page.tsx(143,25): error TS2322: Type '{ hidden: { opacity: number; y: number; }; visible: (i: number) => { opacity: number; y: number; transition: { delay: number; duration: number; ease: string; }; }; }' is not assignable to type 'Variants'.
  Property 'visible' is incompatible with index signature.
    Type '(i: number) => { opacity: number; y: number; transition: { delay: number; duration: number; ease: string; }; }' is not assignable to type 'Variant'.
      Type '(i: number) => { opacity: number; y: number; transition: { delay: number; duration: number; ease: string; }; }' is not assignable to type 'TargetResolver'.
        Type '{ opacity: number; y: number; transition: { delay: number; duration: number; ease: string; }; }' is not assignable to type 'string | TargetAndTransition'.
          Type '{ opacity: number; y: number; transition: { delay: number; duration: number; ease: string; }; }' is not assignable to type 'TargetAndTransition'.
            Type '{ opacity: number; y: number; transition: { delay: number; duration: number; ease: string; }; }' is not assignable to type '{ transition?: Transition<any> | undefined; transitionEnd?: ResolvedValues$1 | undefined; }'.
              Types of property 'transition' are incompatible.
                Type '{ delay: number; duration: number; ease: string; }' is not assignable to type 'Transition<any> | undefined'.
                  Type '{ delay: number; duration: number; ease: string; }' is not assignable to type 'TransitionWithValueOverrides<any>'.
                    Type '{ delay: number; duration: number; ease: string; }' is not assignable to type 'ValueAnimationTransition<any>'.
                      Types of property 'ease' are incompatible.
                        Type 'string' is not assignable to type 'Easing | Easing[] | undefined'.
src/app/case-studies/page.tsx(160,25): error TS2322: Type '{ hidden: { opacity: number; y: number; }; visible: (i: number) => { opacity: number; y: number; transition: { delay: number; duration: number; ease: string; }; }; }' is not assignable to type 'Variants'.
  Property 'visible' is incompatible with index signature.
    Type '(i: number) => { opacity: number; y: number; transition: { delay: number; duration: number; ease: string; }; }' is not assignable to type 'Variant'.
      Type '(i: number) => { opacity: number; y: number; transition: { delay: number; duration: number; ease: string; }; }' is not assignable to type 'TargetResolver'.
        Type '{ opacity: number; y: number; transition: { delay: number; duration: number; ease: string; }; }' is not assignable to type 'string | TargetAndTransition'.
          Type '{ opacity: number; y: number; transition: { delay: number; duration: number; ease: string; }; }' is not assignable to type 'TargetAndTransition'.
            Type '{ opacity: number; y: number; transition: { delay: number; duration: number; ease: string; }; }' is not assignable to type '{ transition?: Transition<any> | undefined; transitionEnd?: ResolvedValues$1 | undefined; }'.
              Types of property 'transition' are incompatible.
                Type '{ delay: number; duration: number; ease: string; }' is not assignable to type 'Transition<any> | undefined'.
                  Type '{ delay: number; duration: number; ease: string; }' is not assignable to type 'TransitionWithValueOverrides<any>'.
                    Type '{ delay: number; duration: number; ease: string; }' is not assignable to type 'ValueAnimationTransition<any>'.
                      Types of property 'ease' are incompatible.
                        Type 'string' is not assignable to type 'Easing | Easing[] | undefined'.
src/app/case-studies/page.tsx(252,25): error TS2322: Type '{ hidden: { opacity: number; y: number; }; visible: (i: number) => { opacity: number; y: number; transition: { delay: number; duration: number; ease: string; }; }; }' is not assignable to type 'Variants'.
  Property 'visible' is incompatible with index signature.
    Type '(i: number) => { opacity: number; y: number; transition: { delay: number; duration: number; ease: string; }; }' is not assignable to type 'Variant'.
      Type '(i: number) => { opacity: number; y: number; transition: { delay: number; duration: number; ease: string; }; }' is not assignable to type 'TargetResolver'.
        Type '{ opacity: number; y: number; transition: { delay: number; duration: number; ease: string; }; }' is not assignable to type 'string | TargetAndTransition'.
          Type '{ opacity: number; y: number; transition: { delay: number; duration: number; ease: string; }; }' is not assignable to type 'TargetAndTransition'.
            Type '{ opacity: number; y: number; transition: { delay: number; duration: number; ease: string; }; }' is not assignable to type '{ transition?: Transition<any> | undefined; transitionEnd?: ResolvedValues$1 | undefined; }'.
              Types of property 'transition' are incompatible.
                Type '{ delay: number; duration: number; ease: string; }' is not assignable to type 'Transition<any> | undefined'.
                  Type '{ delay: number; duration: number; ease: string; }' is not assignable to type 'TransitionWithValueOverrides<any>'.
                    Type '{ delay: number; duration: number; ease: string; }' is not assignable to type 'ValueAnimationTransition<any>'.
                      Types of property 'ease' are incompatible.
                        Type 'string' is not assignable to type 'Easing | Easing[] | undefined'.
src/app/contact/page.tsx(71,25): error TS2322: Type '{ hidden: { opacity: number; y: number; }; visible: (i: number) => { opacity: number; y: number; transition: { delay: number; duration: number; ease: string; }; }; }' is not assignable to type 'Variants'.
  Property 'visible' is incompatible with index signature.
    Type '(i: number) => { opacity: number; y: number; transition: { delay: number; duration: number; ease: string; }; }' is not assignable to type 'Variant'.
      Type '(i: number) => { opacity: number; y: number; transition: { delay: number; duration: number; ease: string; }; }' is not assignable to type 'TargetResolver'.
        Type '{ opacity: number; y: number; transition: { delay: number; duration: number; ease: string; }; }' is not assignable to type 'string | TargetAndTransition'.
          Type '{ opacity: number; y: number; transition: { delay: number; duration: number; ease: string; }; }' is not assignable to type 'TargetAndTransition'.
            Type '{ opacity: number; y: number; transition: { delay: number; duration: number; ease: string; }; }' is not assignable to type '{ transition?: Transition<any> | undefined; transitionEnd?: ResolvedValues$1 | undefined; }'.
              Types of property 'transition' are incompatible.
                Type '{ delay: number; duration: number; ease: string; }' is not assignable to type 'Transition<any> | undefined'.
                  Type '{ delay: number; duration: number; ease: string; }' is not assignable to type 'TransitionWithValueOverrides<any>'.
                    Type '{ delay: number; duration: number; ease: string; }' is not assignable to type 'ValueAnimationTransition<any>'.
                      Types of property 'ease' are incompatible.
                        Type 'string' is not assignable to type 'Easing | Easing[] | undefined'.
src/app/contact/page.tsx(80,25): error TS2322: Type '{ hidden: { opacity: number; y: number; }; visible: (i: number) => { opacity: number; y: number; transition: { delay: number; duration: number; ease: string; }; }; }' is not assignable to type 'Variants'.
  Property 'visible' is incompatible with index signature.
    Type '(i: number) => { opacity: number; y: number; transition: { delay: number; duration: number; ease: string; }; }' is not assignable to type 'Variant'.
      Type '(i: number) => { opacity: number; y: number; transition: { delay: number; duration: number; ease: string; }; }' is not assignable to type 'TargetResolver'.
        Type '{ opacity: number; y: number; transition: { delay: number; duration: number; ease: string; }; }' is not assignable to type 'string | TargetAndTransition'.
          Type '{ opacity: number; y: number; transition: { delay: number; duration: number; ease: string; }; }' is not assignable to type 'TargetAndTransition'.
            Type '{ opacity: number; y: number; transition: { delay: number; duration: number; ease: string; }; }' is not assignable to type '{ transition?: Transition<any> | undefined; transitionEnd?: ResolvedValues$1 | undefined; }'.
              Types of property 'transition' are incompatible.
                Type '{ delay: number; duration: number; ease: string; }' is not assignable to type 'Transition<any> | undefined'.
                  Type '{ delay: number; duration: number; ease: string; }' is not assignable to type 'TransitionWithValueOverrides<any>'.
                    Type '{ delay: number; duration: number; ease: string; }' is not assignable to type 'ValueAnimationTransition<any>'.
                      Types of property 'ease' are incompatible.
                        Type 'string' is not assignable to type 'Easing | Easing[] | undefined'.
src/app/contact/page.tsx(90,25): error TS2322: Type '{ hidden: { opacity: number; y: number; }; visible: (i: number) => { opacity: number; y: number; transition: { delay: number; duration: number; ease: string; }; }; }' is not assignable to type 'Variants'.
  Property 'visible' is incompatible with index signature.
    Type '(i: number) => { opacity: number; y: number; transition: { delay: number; duration: number; ease: string; }; }' is not assignable to type 'Variant'.
      Type '(i: number) => { opacity: number; y: number; transition: { delay: number; duration: number; ease: string; }; }' is not assignable to type 'TargetResolver'.
        Type '{ opacity: number; y: number; transition: { delay: number; duration: number; ease: string; }; }' is not assignable to type 'string | TargetAndTransition'.
          Type '{ opacity: number; y: number; transition: { delay: number; duration: number; ease: string; }; }' is not assignable to type 'TargetAndTransition'.
            Type '{ opacity: number; y: number; transition: { delay: number; duration: number; ease: string; }; }' is not assignable to type '{ transition?: Transition<any> | undefined; transitionEnd?: ResolvedValues$1 | undefined; }'.
              Types of property 'transition' are incompatible.
                Type '{ delay: number; duration: number; ease: string; }' is not assignable to type 'Transition<any> | undefined'.
                  Type '{ delay: number; duration: number; ease: string; }' is not assignable to type 'TransitionWithValueOverrides<any>'.
                    Type '{ delay: number; duration: number; ease: string; }' is not assignable to type 'ValueAnimationTransition<any>'.
                      Types of property 'ease' are incompatible.
                        Type 'string' is not assignable to type 'Easing | Easing[] | undefined'.
src/app/contact/page.tsx(109,29): error TS2322: Type '{ hidden: { opacity: number; y: number; }; visible: (i: number) => { opacity: number; y: number; transition: { delay: number; duration: number; ease: string; }; }; }' is not assignable to type 'Variants'.
  Property 'visible' is incompatible with index signature.
    Type '(i: number) => { opacity: number; y: number; transition: { delay: number; duration: number; ease: string; }; }' is not assignable to type 'Variant'.
      Type '(i: number) => { opacity: number; y: number; transition: { delay: number; duration: number; ease: string; }; }' is not assignable to type 'TargetResolver'.
        Type '{ opacity: number; y: number; transition: { delay: number; duration: number; ease: string; }; }' is not assignable to type 'string | TargetAndTransition'.
          Type '{ opacity: number; y: number; transition: { delay: number; duration: number; ease: string; }; }' is not assignable to type 'TargetAndTransition'.
            Type '{ opacity: number; y: number; transition: { delay: number; duration: number; ease: string; }; }' is not assignable to type '{ transition?: Transition<any> | undefined; transitionEnd?: ResolvedValues$1 | undefined; }'.
              Types of property 'transition' are incompatible.
                Type '{ delay: number; duration: number; ease: string; }' is not assignable to type 'Transition<any> | undefined'.
                  Type '{ delay: number; duration: number; ease: string; }' is not assignable to type 'TransitionWithValueOverrides<any>'.
                    Type '{ delay: number; duration: number; ease: string; }' is not assignable to type 'ValueAnimationTransition<any>'.
                      Types of property 'ease' are incompatible.
                        Type 'string' is not assignable to type 'Easing | Easing[] | undefined'.
src/app/contact/page.tsx(248,29): error TS2322: Type '{ hidden: { opacity: number; y: number; }; visible: (i: number) => { opacity: number; y: number; transition: { delay: number; duration: number; ease: string; }; }; }' is not assignable to type 'Variants'.
  Property 'visible' is incompatible with index signature.
    Type '(i: number) => { opacity: number; y: number; transition: { delay: number; duration: number; ease: string; }; }' is not assignable to type 'Variant'.
      Type '(i: number) => { opacity: number; y: number; transition: { delay: number; duration: number; ease: string; }; }' is not assignable to type 'TargetResolver'.
        Type '{ opacity: number; y: number; transition: { delay: number; duration: number; ease: string; }; }' is not assignable to type 'string | TargetAndTransition'.
          Type '{ opacity: number; y: number; transition: { delay: number; duration: number; ease: string; }; }' is not assignable to type 'TargetAndTransition'.
            Type '{ opacity: number; y: number; transition: { delay: number; duration: number; ease: string; }; }' is not assignable to type '{ transition?: Transition<any> | undefined; transitionEnd?: ResolvedValues$1 | undefined; }'.
              Types of property 'transition' are incompatible.
                Type '{ delay: number; duration: number; ease: string; }' is not assignable to type 'Transition<any> | undefined'.
                  Type '{ delay: number; duration: number; ease: string; }' is not assignable to type 'TransitionWithValueOverrides<any>'.
                    Type '{ delay: number; duration: number; ease: string; }' is not assignable to type 'ValueAnimationTransition<any>'.
                      Types of property 'ease' are incompatible.
                        Type 'string' is not assignable to type 'Easing | Easing[] | undefined'.
src/app/contact/page.tsx(258,37): error TS2322: Type '{ hidden: { opacity: number; y: number; }; visible: (i: number) => { opacity: number; y: number; transition: { delay: number; duration: number; ease: string; }; }; }' is not assignable to type 'Variants'.
  Property 'visible' is incompatible with index signature.
    Type '(i: number) => { opacity: number; y: number; transition: { delay: number; duration: number; ease: string; }; }' is not assignable to type 'Variant'.
      Type '(i: number) => { opacity: number; y: number; transition: { delay: number; duration: number; ease: string; }; }' is not assignable to type 'TargetResolver'.
        Type '{ opacity: number; y: number; transition: { delay: number; duration: number; ease: string; }; }' is not assignable to type 'string | TargetAndTransition'.
          Type '{ opacity: number; y: number; transition: { delay: number; duration: number; ease: string; }; }' is not assignable to type 'TargetAndTransition'.
            Type '{ opacity: number; y: number; transition: { delay: number; duration: number; ease: string; }; }' is not assignable to type '{ transition?: Transition<any> | undefined; transitionEnd?: ResolvedValues$1 | undefined; }'.
              Types of property 'transition' are incompatible.
                Type '{ delay: number; duration: number; ease: string; }' is not assignable to type 'Transition<any> | undefined'.
                  Type '{ delay: number; duration: number; ease: string; }' is not assignable to type 'TransitionWithValueOverrides<any>'.
                    Type '{ delay: number; duration: number; ease: string; }' is not assignable to type 'ValueAnimationTransition<any>'.
                      Types of property 'ease' are incompatible.
                        Type 'string' is not assignable to type 'Easing | Easing[] | undefined'.
src/app/page.tsx(94,13): error TS2322: Type '{ hidden: { opacity: number; y: number; }; visible: (i: number) => { opacity: number; y: number; transition: { delay: number; duration: number; ease: string; }; }; }' is not assignable to type 'Variants'.
  Property 'visible' is incompatible with index signature.
    Type '(i: number) => { opacity: number; y: number; transition: { delay: number; duration: number; ease: string; }; }' is not assignable to type 'Variant'.
      Type '(i: number) => { opacity: number; y: number; transition: { delay: number; duration: number; ease: string; }; }' is not assignable to type 'TargetResolver'.
        Type '{ opacity: number; y: number; transition: { delay: number; duration: number; ease: string; }; }' is not assignable to type 'string | TargetAndTransition'.
          Type '{ opacity: number; y: number; transition: { delay: number; duration: number; ease: string; }; }' is not assignable to type 'TargetAndTransition'.
            Type '{ opacity: number; y: number; transition: { delay: number; duration: number; ease: string; }; }' is not assignable to type '{ transition?: Transition<any> | undefined; transitionEnd?: ResolvedValues$1 | undefined; }'.
              Types of property 'transition' are incompatible.
                Type '{ delay: number; duration: number; ease: string; }' is not assignable to type 'Transition<any> | undefined'.
                  Type '{ delay: number; duration: number; ease: string; }' is not assignable to type 'TransitionWithValueOverrides<any>'.
                    Type '{ delay: number; duration: number; ease: string; }' is not assignable to type 'ValueAnimationTransition<any>'.
                      Types of property 'ease' are incompatible.
                        Type 'string' is not assignable to type 'Easing | Easing[] | undefined'.
src/app/page.tsx(105,13): error TS2322: Type '{ hidden: { opacity: number; y: number; }; visible: (i: number) => { opacity: number; y: number; transition: { delay: number; duration: number; ease: string; }; }; }' is not assignable to type 'Variants'.
  Property 'visible' is incompatible with index signature.
    Type '(i: number) => { opacity: number; y: number; transition: { delay: number; duration: number; ease: string; }; }' is not assignable to type 'Variant'.
      Type '(i: number) => { opacity: number; y: number; transition: { delay: number; duration: number; ease: string; }; }' is not assignable to type 'TargetResolver'.
        Type '{ opacity: number; y: number; transition: { delay: number; duration: number; ease: string; }; }' is not assignable to type 'string | TargetAndTransition'.
          Type '{ opacity: number; y: number; transition: { delay: number; duration: number; ease: string; }; }' is not assignable to type 'TargetAndTransition'.
            Type '{ opacity: number; y: number; transition: { delay: number; duration: number; ease: string; }; }' is not assignable to type '{ transition?: Transition<any> | undefined; transitionEnd?: ResolvedValues$1 | undefined; }'.
              Types of property 'transition' are incompatible.
                Type '{ delay: number; duration: number; ease: string; }' is not assignable to type 'Transition<any> | undefined'.
                  Type '{ delay: number; duration: number; ease: string; }' is not assignable to type 'TransitionWithValueOverrides<any>'.
                    Type '{ delay: number; duration: number; ease: string; }' is not assignable to type 'ValueAnimationTransition<any>'.
                      Types of property 'ease' are incompatible.
                        Type 'string' is not assignable to type 'Easing | Easing[] | undefined'.
src/app/page.tsx(119,13): error TS2322: Type '{ hidden: { opacity: number; y: number; }; visible: (i: number) => { opacity: number; y: number; transition: { delay: number; duration: number; ease: string; }; }; }' is not assignable to type 'Variants'.
  Property 'visible' is incompatible with index signature.
    Type '(i: number) => { opacity: number; y: number; transition: { delay: number; duration: number; ease: string; }; }' is not assignable to type 'Variant'.
      Type '(i: number) => { opacity: number; y: number; transition: { delay: number; duration: number; ease: string; }; }' is not assignable to type 'TargetResolver'.
        Type '{ opacity: number; y: number; transition: { delay: number; duration: number; ease: string; }; }' is not assignable to type 'string | TargetAndTransition'.
          Type '{ opacity: number; y: number; transition: { delay: number; duration: number; ease: string; }; }' is not assignable to type 'TargetAndTransition'.
            Type '{ opacity: number; y: number; transition: { delay: number; duration: number; ease: string; }; }' is not assignable to type '{ transition?: Transition<any> | undefined; transitionEnd?: ResolvedValues$1 | undefined; }'.
              Types of property 'transition' are incompatible.
                Type '{ delay: number; duration: number; ease: string; }' is not assignable to type 'Transition<any> | undefined'.
                  Type '{ delay: number; duration: number; ease: string; }' is not assignable to type 'TransitionWithValueOverrides<any>'.
                    Type '{ delay: number; duration: number; ease: string; }' is not assignable to type 'ValueAnimationTransition<any>'.
                      Types of property 'ease' are incompatible.
                        Type 'string' is not assignable to type 'Easing | Easing[] | undefined'.
src/app/page.tsx(130,13): error TS2322: Type '{ hidden: { opacity: number; y: number; }; visible: (i: number) => { opacity: number; y: number; transition: { delay: number; duration: number; ease: string; }; }; }' is not assignable to type 'Variants'.
  Property 'visible' is incompatible with index signature.
    Type '(i: number) => { opacity: number; y: number; transition: { delay: number; duration: number; ease: string; }; }' is not assignable to type 'Variant'.
      Type '(i: number) => { opacity: number; y: number; transition: { delay: number; duration: number; ease: string; }; }' is not assignable to type 'TargetResolver'.
        Type '{ opacity: number; y: number; transition: { delay: number; duration: number; ease: string; }; }' is not assignable to type 'string | TargetAndTransition'.
          Type '{ opacity: number; y: number; transition: { delay: number; duration: number; ease: string; }; }' is not assignable to type 'TargetAndTransition'.
            Type '{ opacity: number; y: number; transition: { delay: number; duration: number; ease: string; }; }' is not assignable to type '{ transition?: Transition<any> | undefined; transitionEnd?: ResolvedValues$1 | undefined; }'.
              Types of property 'transition' are incompatible.
                Type '{ delay: number; duration: number; ease: string; }' is not assignable to type 'Transition<any> | undefined'.
                  Type '{ delay: number; duration: number; ease: string; }' is not assignable to type 'TransitionWithValueOverrides<any>'.
                    Type '{ delay: number; duration: number; ease: string; }' is not assignable to type 'ValueAnimationTransition<any>'.
                      Types of property 'ease' are incompatible.
                        Type 'string' is not assignable to type 'Easing | Easing[] | undefined'.
src/app/page.tsx(153,13): error TS2322: Type '{ hidden: { opacity: number; y: number; }; visible: (i: number) => { opacity: number; y: number; transition: { delay: number; duration: number; ease: string; }; }; }' is not assignable to type 'Variants'.
  Property 'visible' is incompatible with index signature.
    Type '(i: number) => { opacity: number; y: number; transition: { delay: number; duration: number; ease: string; }; }' is not assignable to type 'Variant'.
      Type '(i: number) => { opacity: number; y: number; transition: { delay: number; duration: number; ease: string; }; }' is not assignable to type 'TargetResolver'.
        Type '{ opacity: number; y: number; transition: { delay: number; duration: number; ease: string; }; }' is not assignable to type 'string | TargetAndTransition'.
          Type '{ opacity: number; y: number; transition: { delay: number; duration: number; ease: string; }; }' is not assignable to type 'TargetAndTransition'.
            Type '{ opacity: number; y: number; transition: { delay: number; duration: number; ease: string; }; }' is not assignable to type '{ transition?: Transition<any> | undefined; transitionEnd?: ResolvedValues$1 | undefined; }'.
              Types of property 'transition' are incompatible.
                Type '{ delay: number; duration: number; ease: string; }' is not assignable to type 'Transition<any> | undefined'.
                  Type '{ delay: number; duration: number; ease: string; }' is not assignable to type 'TransitionWithValueOverrides<any>'.
                    Type '{ delay: number; duration: number; ease: string; }' is not assignable to type 'ValueAnimationTransition<any>'.
                      Types of property 'ease' are incompatible.
                        Type 'string' is not assignable to type 'Easing | Easing[] | undefined'.
src/app/page.tsx(181,13): error TS2322: Type '{ hidden: { opacity: number; y: number; }; visible: (i: number) => { opacity: number; y: number; transition: { delay: number; duration: number; ease: string; }; }; }' is not assignable to type 'Variants'.
  Property 'visible' is incompatible with index signature.
    Type '(i: number) => { opacity: number; y: number; transition: { delay: number; duration: number; ease: string; }; }' is not assignable to type 'Variant'.
      Type '(i: number) => { opacity: number; y: number; transition: { delay: number; duration: number; ease: string; }; }' is not assignable to type 'TargetResolver'.
        Type '{ opacity: number; y: number; transition: { delay: number; duration: number; ease: string; }; }' is not assignable to type 'string | TargetAndTransition'.
          Type '{ opacity: number; y: number; transition: { delay: number; duration: number; ease: string; }; }' is not assignable to type 'TargetAndTransition'.
            Type '{ opacity: number; y: number; transition: { delay: number; duration: number; ease: string; }; }' is not assignable to type '{ transition?: Transition<any> | undefined; transitionEnd?: ResolvedValues$1 | undefined; }'.
              Types of property 'transition' are incompatible.
                Type '{ delay: number; duration: number; ease: string; }' is not assignable to type 'Transition<any> | undefined'.
                  Type '{ delay: number; duration: number; ease: string; }' is not assignable to type 'TransitionWithValueOverrides<any>'.
                    Type '{ delay: number; duration: number; ease: string; }' is not assignable to type 'ValueAnimationTransition<any>'.
                      Types of property 'ease' are incompatible.
                        Type 'string' is not assignable to type 'Easing | Easing[] | undefined'.
src/app/page.tsx(205,17): error TS2322: Type '{ hidden: { opacity: number; y: number; }; visible: (i: number) => { opacity: number; y: number; transition: { delay: number; duration: number; ease: string; }; }; }' is not assignable to type 'Variants'.
  Property 'visible' is incompatible with index signature.
    Type '(i: number) => { opacity: number; y: number; transition: { delay: number; duration: number; ease: string; }; }' is not assignable to type 'Variant'.
      Type '(i: number) => { opacity: number; y: number; transition: { delay: number; duration: number; ease: string; }; }' is not assignable to type 'TargetResolver'.
        Type '{ opacity: number; y: number; transition: { delay: number; duration: number; ease: string; }; }' is not assignable to type 'string | TargetAndTransition'.
          Type '{ opacity: number; y: number; transition: { delay: number; duration: number; ease: string; }; }' is not assignable to type 'TargetAndTransition'.
            Type '{ opacity: number; y: number; transition: { delay: number; duration: number; ease: string; }; }' is not assignable to type '{ transition?: Transition<any> | undefined; transitionEnd?: ResolvedValues$1 | undefined; }'.
              Types of property 'transition' are incompatible.
                Type '{ delay: number; duration: number; ease: string; }' is not assignable to type 'Transition<any> | undefined'.
                  Type '{ delay: number; duration: number; ease: string; }' is not assignable to type 'TransitionWithValueOverrides<any>'.
                    Type '{ delay: number; duration: number; ease: string; }' is not assignable to type 'ValueAnimationTransition<any>'.
                      Types of property 'ease' are incompatible.
                        Type 'string' is not assignable to type 'Easing | Easing[] | undefined'.
src/app/page.tsx(235,17): error TS2322: Type '{ hidden: { opacity: number; y: number; }; visible: (i: number) => { opacity: number; y: number; transition: { delay: number; duration: number; ease: string; }; }; }' is not assignable to type 'Variants'.
  Property 'visible' is incompatible with index signature.
    Type '(i: number) => { opacity: number; y: number; transition: { delay: number; duration: number; ease: string; }; }' is not assignable to type 'Variant'.
      Type '(i: number) => { opacity: number; y: number; transition: { delay: number; duration: number; ease: string; }; }' is not assignable to type 'TargetResolver'.
        Type '{ opacity: number; y: number; transition: { delay: number; duration: number; ease: string; }; }' is not assignable to type 'string | TargetAndTransition'.
          Type '{ opacity: number; y: number; transition: { delay: number; duration: number; ease: string; }; }' is not assignable to type 'TargetAndTransition'.
            Type '{ opacity: number; y: number; transition: { delay: number; duration: number; ease: string; }; }' is not assignable to type '{ transition?: Transition<any> | undefined; transitionEnd?: ResolvedValues$1 | undefined; }'.
              Types of property 'transition' are incompatible.
                Type '{ delay: number; duration: number; ease: string; }' is not assignable to type 'Transition<any> | undefined'.
                  Type '{ delay: number; duration: number; ease: string; }' is not assignable to type 'TransitionWithValueOverrides<any>'.
                    Type '{ delay: number; duration: number; ease: string; }' is not assignable to type 'ValueAnimationTransition<any>'.
                      Types of property 'ease' are incompatible.
                        Type 'string' is not assignable to type 'Easing | Easing[] | undefined'.
src/app/page.tsx(256,13): error TS2322: Type '{ hidden: { opacity: number; y: number; }; visible: (i: number) => { opacity: number; y: number; transition: { delay: number; duration: number; ease: string; }; }; }' is not assignable to type 'Variants'.
  Property 'visible' is incompatible with index signature.
    Type '(i: number) => { opacity: number; y: number; transition: { delay: number; duration: number; ease: string; }; }' is not assignable to type 'Variant'.
      Type '(i: number) => { opacity: number; y: number; transition: { delay: number; duration: number; ease: string; }; }' is not assignable to type 'TargetResolver'.
        Type '{ opacity: number; y: number; transition: { delay: number; duration: number; ease: string; }; }' is not assignable to type 'string | TargetAndTransition'.
          Type '{ opacity: number; y: number; transition: { delay: number; duration: number; ease: string; }; }' is not assignable to type 'TargetAndTransition'.
            Type '{ opacity: number; y: number; transition: { delay: number; duration: number; ease: string; }; }' is not assignable to type '{ transition?: Transition<any> | undefined; transitionEnd?: ResolvedValues$1 | undefined; }'.
              Types of property 'transition' are incompatible.
                Type '{ delay: number; duration: number; ease: string; }' is not assignable to type 'Transition<any> | undefined'.
                  Type '{ delay: number; duration: number; ease: string; }' is not assignable to type 'TransitionWithValueOverrides<any>'.
                    Type '{ delay: number; duration: number; ease: string; }' is not assignable to type 'ValueAnimationTransition<any>'.
                      Types of property 'ease' are incompatible.
                        Type 'string' is not assignable to type 'Easing | Easing[] | undefined'.
src/app/page.tsx(306,17): error TS2322: Type '{ hidden: { opacity: number; y: number; }; visible: (i: number) => { opacity: number; y: number; transition: { delay: number; duration: number; ease: string; }; }; }' is not assignable to type 'Variants'.
  Property 'visible' is incompatible with index signature.
    Type '(i: number) => { opacity: number; y: number; transition: { delay: number; duration: number; ease: string; }; }' is not assignable to type 'Variant'.
      Type '(i: number) => { opacity: number; y: number; transition: { delay: number; duration: number; ease: string; }; }' is not assignable to type 'TargetResolver'.
        Type '{ opacity: number; y: number; transition: { delay: number; duration: number; ease: string; }; }' is not assignable to type 'string | TargetAndTransition'.
          Type '{ opacity: number; y: number; transition: { delay: number; duration: number; ease: string; }; }' is not assignable to type 'TargetAndTransition'.
            Type '{ opacity: number; y: number; transition: { delay: number; duration: number; ease: string; }; }' is not assignable to type '{ transition?: Transition<any> | undefined; transitionEnd?: ResolvedValues$1 | undefined; }'.
              Types of property 'transition' are incompatible.
                Type '{ delay: number; duration: number; ease: string; }' is not assignable to type 'Transition<any> | undefined'.
                  Type '{ delay: number; duration: number; ease: string; }' is not assignable to type 'TransitionWithValueOverrides<any>'.
                    Type '{ delay: number; duration: number; ease: string; }' is not assignable to type 'ValueAnimationTransition<any>'.
                      Types of property 'ease' are incompatible.
                        Type 'string' is not assignable to type 'Easing | Easing[] | undefined'.
src/app/page.tsx(332,13): error TS2322: Type '{ hidden: { opacity: number; y: number; }; visible: (i: number) => { opacity: number; y: number; transition: { delay: number; duration: number; ease: string; }; }; }' is not assignable to type 'Variants'.
  Property 'visible' is incompatible with index signature.
    Type '(i: number) => { opacity: number; y: number; transition: { delay: number; duration: number; ease: string; }; }' is not assignable to type 'Variant'.
      Type '(i: number) => { opacity: number; y: number; transition: { delay: number; duration: number; ease: string; }; }' is not assignable to type 'TargetResolver'.
        Type '{ opacity: number; y: number; transition: { delay: number; duration: number; ease: string; }; }' is not assignable to type 'string | TargetAndTransition'.
          Type '{ opacity: number; y: number; transition: { delay: number; duration: number; ease: string; }; }' is not assignable to type 'TargetAndTransition'.
            Type '{ opacity: number; y: number; transition: { delay: number; duration: number; ease: string; }; }' is not assignable to type '{ transition?: Transition<any> | undefined; transitionEnd?: ResolvedValues$1 | undefined; }'.
              Types of property 'transition' are incompatible.
                Type '{ delay: number; duration: number; ease: string; }' is not assignable to type 'Transition<any> | undefined'.
                  Type '{ delay: number; duration: number; ease: string; }' is not assignable to type 'TransitionWithValueOverrides<any>'.
                    Type '{ delay: number; duration: number; ease: string; }' is not assignable to type 'ValueAnimationTransition<any>'.
                      Types of property 'ease' are incompatible.
                        Type 'string' is not assignable to type 'Easing | Easing[] | undefined'.
src/app/pricing/page.tsx(139,25): error TS2322: Type '{ hidden: { opacity: number; y: number; }; visible: (i: number) => { opacity: number; y: number; transition: { delay: number; duration: number; ease: string; }; }; }' is not assignable to type 'Variants'.
  Property 'visible' is incompatible with index signature.
    Type '(i: number) => { opacity: number; y: number; transition: { delay: number; duration: number; ease: string; }; }' is not assignable to type 'Variant'.
      Type '(i: number) => { opacity: number; y: number; transition: { delay: number; duration: number; ease: string; }; }' is not assignable to type 'TargetResolver'.
        Type '{ opacity: number; y: number; transition: { delay: number; duration: number; ease: string; }; }' is not assignable to type 'string | TargetAndTransition'.
          Type '{ opacity: number; y: number; transition: { delay: number; duration: number; ease: string; }; }' is not assignable to type 'TargetAndTransition'.
            Type '{ opacity: number; y: number; transition: { delay: number; duration: number; ease: string; }; }' is not assignable to type '{ transition?: Transition<any> | undefined; transitionEnd?: ResolvedValues$1 | undefined; }'.
              Types of property 'transition' are incompatible.
                Type '{ delay: number; duration: number; ease: string; }' is not assignable to type 'Transition<any> | undefined'.
                  Type '{ delay: number; duration: number; ease: string; }' is not assignable to type 'TransitionWithValueOverrides<any>'.
                    Type '{ delay: number; duration: number; ease: string; }' is not assignable to type 'ValueAnimationTransition<any>'.
                      Types of property 'ease' are incompatible.
                        Type 'string' is not assignable to type 'Easing | Easing[] | undefined'.
src/app/pricing/page.tsx(148,25): error TS2322: Type '{ hidden: { opacity: number; y: number; }; visible: (i: number) => { opacity: number; y: number; transition: { delay: number; duration: number; ease: string; }; }; }' is not assignable to type 'Variants'.
  Property 'visible' is incompatible with index signature.
    Type '(i: number) => { opacity: number; y: number; transition: { delay: number; duration: number; ease: string; }; }' is not assignable to type 'Variant'.
      Type '(i: number) => { opacity: number; y: number; transition: { delay: number; duration: number; ease: string; }; }' is not assignable to type 'TargetResolver'.
        Type '{ opacity: number; y: number; transition: { delay: number; duration: number; ease: string; }; }' is not assignable to type 'string | TargetAndTransition'.
          Type '{ opacity: number; y: number; transition: { delay: number; duration: number; ease: string; }; }' is not assignable to type 'TargetAndTransition'.
            Type '{ opacity: number; y: number; transition: { delay: number; duration: number; ease: string; }; }' is not assignable to type '{ transition?: Transition<any> | undefined; transitionEnd?: ResolvedValues$1 | undefined; }'.
              Types of property 'transition' are incompatible.
                Type '{ delay: number; duration: number; ease: string; }' is not assignable to type 'Transition<any> | undefined'.
                  Type '{ delay: number; duration: number; ease: string; }' is not assignable to type 'TransitionWithValueOverrides<any>'.
                    Type '{ delay: number; duration: number; ease: string; }' is not assignable to type 'ValueAnimationTransition<any>'.
                      Types of property 'ease' are incompatible.
                        Type 'string' is not assignable to type 'Easing | Easing[] | undefined'.
src/app/pricing/page.tsx(158,25): error TS2322: Type '{ hidden: { opacity: number; y: number; }; visible: (i: number) => { opacity: number; y: number; transition: { delay: number; duration: number; ease: string; }; }; }' is not assignable to type 'Variants'.
  Property 'visible' is incompatible with index signature.
    Type '(i: number) => { opacity: number; y: number; transition: { delay: number; duration: number; ease: string; }; }' is not assignable to type 'Variant'.
      Type '(i: number) => { opacity: number; y: number; transition: { delay: number; duration: number; ease: string; }; }' is not assignable to type 'TargetResolver'.
        Type '{ opacity: number; y: number; transition: { delay: number; duration: number; ease: string; }; }' is not assignable to type 'string | TargetAndTransition'.
          Type '{ opacity: number; y: number; transition: { delay: number; duration: number; ease: string; }; }' is not assignable to type 'TargetAndTransition'.
            Type '{ opacity: number; y: number; transition: { delay: number; duration: number; ease: string; }; }' is not assignable to type '{ transition?: Transition<any> | undefined; transitionEnd?: ResolvedValues$1 | undefined; }'.
              Types of property 'transition' are incompatible.
                Type '{ delay: number; duration: number; ease: string; }' is not assignable to type 'Transition<any> | undefined'.
                  Type '{ delay: number; duration: number; ease: string; }' is not assignable to type 'TransitionWithValueOverrides<any>'.
                    Type '{ delay: number; duration: number; ease: string; }' is not assignable to type 'ValueAnimationTransition<any>'.
                      Types of property 'ease' are incompatible.
                        Type 'string' is not assignable to type 'Easing | Easing[] | undefined'.
src/app/pricing/page.tsx(170,25): error TS2322: Type '{ hidden: { opacity: number; y: number; }; visible: (i: number) => { opacity: number; y: number; transition: { delay: number; duration: number; ease: string; }; }; }' is not assignable to type 'Variants'.
  Property 'visible' is incompatible with index signature.
    Type '(i: number) => { opacity: number; y: number; transition: { delay: number; duration: number; ease: string; }; }' is not assignable to type 'Variant'.
      Type '(i: number) => { opacity: number; y: number; transition: { delay: number; duration: number; ease: string; }; }' is not assignable to type 'TargetResolver'.
        Type '{ opacity: number; y: number; transition: { delay: number; duration: number; ease: string; }; }' is not assignable to type 'string | TargetAndTransition'.
          Type '{ opacity: number; y: number; transition: { delay: number; duration: number; ease: string; }; }' is not assignable to type 'TargetAndTransition'.
            Type '{ opacity: number; y: number; transition: { delay: number; duration: number; ease: string; }; }' is not assignable to type '{ transition?: Transition<any> | undefined; transitionEnd?: ResolvedValues$1 | undefined; }'.
              Types of property 'transition' are incompatible.
                Type '{ delay: number; duration: number; ease: string; }' is not assignable to type 'Transition<any> | undefined'.
                  Type '{ delay: number; duration: number; ease: string; }' is not assignable to type 'TransitionWithValueOverrides<any>'.
                    Type '{ delay: number; duration: number; ease: string; }' is not assignable to type 'ValueAnimationTransition<any>'.
                      Types of property 'ease' are incompatible.
                        Type 'string' is not assignable to type 'Easing | Easing[] | undefined'.
src/app/pricing/page.tsx(209,33): error TS2322: Type '{ hidden: { opacity: number; y: number; }; visible: (i: number) => { opacity: number; y: number; transition: { delay: number; duration: number; ease: string; }; }; }' is not assignable to type 'Variants'.
  Property 'visible' is incompatible with index signature.
    Type '(i: number) => { opacity: number; y: number; transition: { delay: number; duration: number; ease: string; }; }' is not assignable to type 'Variant'.
      Type '(i: number) => { opacity: number; y: number; transition: { delay: number; duration: number; ease: string; }; }' is not assignable to type 'TargetResolver'.
        Type '{ opacity: number; y: number; transition: { delay: number; duration: number; ease: string; }; }' is not assignable to type 'string | TargetAndTransition'.
          Type '{ opacity: number; y: number; transition: { delay: number; duration: number; ease: string; }; }' is not assignable to type 'TargetAndTransition'.
            Type '{ opacity: number; y: number; transition: { delay: number; duration: number; ease: string; }; }' is not assignable to type '{ transition?: Transition<any> | undefined; transitionEnd?: ResolvedValues$1 | undefined; }'.
              Types of property 'transition' are incompatible.
                Type '{ delay: number; duration: number; ease: string; }' is not assignable to type 'Transition<any> | undefined'.
                  Type '{ delay: number; duration: number; ease: string; }' is not assignable to type 'TransitionWithValueOverrides<any>'.
                    Type '{ delay: number; duration: number; ease: string; }' is not assignable to type 'ValueAnimationTransition<any>'.
                      Types of property 'ease' are incompatible.
                        Type 'string' is not assignable to type 'Easing | Easing[] | undefined'.
src/app/pricing/page.tsx(297,25): error TS2322: Type '{ hidden: { opacity: number; y: number; }; visible: (i: number) => { opacity: number; y: number; transition: { delay: number; duration: number; ease: string; }; }; }' is not assignable to type 'Variants'.
  Property 'visible' is incompatible with index signature.
    Type '(i: number) => { opacity: number; y: number; transition: { delay: number; duration: number; ease: string; }; }' is not assignable to type 'Variant'.
      Type '(i: number) => { opacity: number; y: number; transition: { delay: number; duration: number; ease: string; }; }' is not assignable to type 'TargetResolver'.
        Type '{ opacity: number; y: number; transition: { delay: number; duration: number; ease: string; }; }' is not assignable to type 'string | TargetAndTransition'.
          Type '{ opacity: number; y: number; transition: { delay: number; duration: number; ease: string; }; }' is not assignable to type 'TargetAndTransition'.
            Type '{ opacity: number; y: number; transition: { delay: number; duration: number; ease: string; }; }' is not assignable to type '{ transition?: Transition<any> | undefined; transitionEnd?: ResolvedValues$1 | undefined; }'.
              Types of property 'transition' are incompatible.
                Type '{ delay: number; duration: number; ease: string; }' is not assignable to type 'Transition<any> | undefined'.
                  Type '{ delay: number; duration: number; ease: string; }' is not assignable to type 'TransitionWithValueOverrides<any>'.
                    Type '{ delay: number; duration: number; ease: string; }' is not assignable to type 'ValueAnimationTransition<any>'.
                      Types of property 'ease' are incompatible.
                        Type 'string' is not assignable to type 'Easing | Easing[] | undefined'.
src/app/pricing/page.tsx(314,33): error TS2322: Type '{ hidden: { opacity: number; y: number; }; visible: (i: number) => { opacity: number; y: number; transition: { delay: number; duration: number; ease: string; }; }; }' is not assignable to type 'Variants'.
  Property 'visible' is incompatible with index signature.
    Type '(i: number) => { opacity: number; y: number; transition: { delay: number; duration: number; ease: string; }; }' is not assignable to type 'Variant'.
      Type '(i: number) => { opacity: number; y: number; transition: { delay: number; duration: number; ease: string; }; }' is not assignable to type 'TargetResolver'.
        Type '{ opacity: number; y: number; transition: { delay: number; duration: number; ease: string; }; }' is not assignable to type 'string | TargetAndTransition'.
          Type '{ opacity: number; y: number; transition: { delay: number; duration: number; ease: string; }; }' is not assignable to type 'TargetAndTransition'.
            Type '{ opacity: number; y: number; transition: { delay: number; duration: number; ease: string; }; }' is not assignable to type '{ transition?: Transition<any> | undefined; transitionEnd?: ResolvedValues$1 | undefined; }'.
              Types of property 'transition' are incompatible.
                Type '{ delay: number; duration: number; ease: string; }' is not assignable to type 'Transition<any> | undefined'.
                  Type '{ delay: number; duration: number; ease: string; }' is not assignable to type 'TransitionWithValueOverrides<any>'.
                    Type '{ delay: number; duration: number; ease: string; }' is not assignable to type 'ValueAnimationTransition<any>'.
                      Types of property 'ease' are incompatible.
                        Type 'string' is not assignable to type 'Easing | Easing[] | undefined'.
src/app/pricing/page.tsx(359,25): error TS2322: Type '{ hidden: { opacity: number; y: number; }; visible: (i: number) => { opacity: number; y: number; transition: { delay: number; duration: number; ease: string; }; }; }' is not assignable to type 'Variants'.
  Property 'visible' is incompatible with index signature.
    Type '(i: number) => { opacity: number; y: number; transition: { delay: number; duration: number; ease: string; }; }' is not assignable to type 'Variant'.
      Type '(i: number) => { opacity: number; y: number; transition: { delay: number; duration: number; ease: string; }; }' is not assignable to type 'TargetResolver'.
        Type '{ opacity: number; y: number; transition: { delay: number; duration: number; ease: string; }; }' is not assignable to type 'string | TargetAndTransition'.
          Type '{ opacity: number; y: number; transition: { delay: number; duration: number; ease: string; }; }' is not assignable to type 'TargetAndTransition'.
            Type '{ opacity: number; y: number; transition: { delay: number; duration: number; ease: string; }; }' is not assignable to type '{ transition?: Transition<any> | undefined; transitionEnd?: ResolvedValues$1 | undefined; }'.
              Types of property 'transition' are incompatible.
                Type '{ delay: number; duration: number; ease: string; }' is not assignable to type 'Transition<any> | undefined'.
                  Type '{ delay: number; duration: number; ease: string; }' is not assignable to type 'TransitionWithValueOverrides<any>'.
                    Type '{ delay: number; duration: number; ease: string; }' is not assignable to type 'ValueAnimationTransition<any>'.
                      Types of property 'ease' are incompatible.
                        Type 'string' is not assignable to type 'Easing | Easing[] | undefined'.
src/app/services/page.tsx(151,25): error TS2322: Type '{ hidden: { opacity: number; y: number; }; visible: (i: number) => { opacity: number; y: number; transition: { delay: number; duration: number; ease: string; }; }; }' is not assignable to type 'Variants'.
  Property 'visible' is incompatible with index signature.
    Type '(i: number) => { opacity: number; y: number; transition: { delay: number; duration: number; ease: string; }; }' is not assignable to type 'Variant'.
      Type '(i: number) => { opacity: number; y: number; transition: { delay: number; duration: number; ease: string; }; }' is not assignable to type 'TargetResolver'.
        Type '{ opacity: number; y: number; transition: { delay: number; duration: number; ease: string; }; }' is not assignable to type 'string | TargetAndTransition'.
          Type '{ opacity: number; y: number; transition: { delay: number; duration: number; ease: string; }; }' is not assignable to type 'TargetAndTransition'.
            Type '{ opacity: number; y: number; transition: { delay: number; duration: number; ease: string; }; }' is not assignable to type '{ transition?: Transition<any> | undefined; transitionEnd?: ResolvedValues$1 | undefined; }'.
              Types of property 'transition' are incompatible.
                Type '{ delay: number; duration: number; ease: string; }' is not assignable to type 'Transition<any> | undefined'.
                  Type '{ delay: number; duration: number; ease: string; }' is not assignable to type 'TransitionWithValueOverrides<any>'.
                    Type '{ delay: number; duration: number; ease: string; }' is not assignable to type 'ValueAnimationTransition<any>'.
                      Types of property 'ease' are incompatible.
                        Type 'string' is not assignable to type 'Easing | Easing[] | undefined'.
src/app/services/page.tsx(160,25): error TS2322: Type '{ hidden: { opacity: number; y: number; }; visible: (i: number) => { opacity: number; y: number; transition: { delay: number; duration: number; ease: string; }; }; }' is not assignable to type 'Variants'.
  Property 'visible' is incompatible with index signature.
    Type '(i: number) => { opacity: number; y: number; transition: { delay: number; duration: number; ease: string; }; }' is not assignable to type 'Variant'.
      Type '(i: number) => { opacity: number; y: number; transition: { delay: number; duration: number; ease: string; }; }' is not assignable to type 'TargetResolver'.
        Type '{ opacity: number; y: number; transition: { delay: number; duration: number; ease: string; }; }' is not assignable to type 'string | TargetAndTransition'.
          Type '{ opacity: number; y: number; transition: { delay: number; duration: number; ease: string; }; }' is not assignable to type 'TargetAndTransition'.
            Type '{ opacity: number; y: number; transition: { delay: number; duration: number; ease: string; }; }' is not assignable to type '{ transition?: Transition<any> | undefined; transitionEnd?: ResolvedValues$1 | undefined; }'.
              Types of property 'transition' are incompatible.
                Type '{ delay: number; duration: number; ease: string; }' is not assignable to type 'Transition<any> | undefined'.
                  Type '{ delay: number; duration: number; ease: string; }' is not assignable to type 'TransitionWithValueOverrides<any>'.
                    Type '{ delay: number; duration: number; ease: string; }' is not assignable to type 'ValueAnimationTransition<any>'.
                      Types of property 'ease' are incompatible.
                        Type 'string' is not assignable to type 'Easing | Easing[] | undefined'.
src/app/services/page.tsx(170,25): error TS2322: Type '{ hidden: { opacity: number; y: number; }; visible: (i: number) => { opacity: number; y: number; transition: { delay: number; duration: number; ease: string; }; }; }' is not assignable to type 'Variants'.
  Property 'visible' is incompatible with index signature.
    Type '(i: number) => { opacity: number; y: number; transition: { delay: number; duration: number; ease: string; }; }' is not assignable to type 'Variant'.
      Type '(i: number) => { opacity: number; y: number; transition: { delay: number; duration: number; ease: string; }; }' is not assignable to type 'TargetResolver'.
        Type '{ opacity: number; y: number; transition: { delay: number; duration: number; ease: string; }; }' is not assignable to type 'string | TargetAndTransition'.
          Type '{ opacity: number; y: number; transition: { delay: number; duration: number; ease: string; }; }' is not assignable to type 'TargetAndTransition'.
            Type '{ opacity: number; y: number; transition: { delay: number; duration: number; ease: string; }; }' is not assignable to type '{ transition?: Transition<any> | undefined; transitionEnd?: ResolvedValues$1 | undefined; }'.
              Types of property 'transition' are incompatible.
                Type '{ delay: number; duration: number; ease: string; }' is not assignable to type 'Transition<any> | undefined'.
                  Type '{ delay: number; duration: number; ease: string; }' is not assignable to type 'TransitionWithValueOverrides<any>'.
                    Type '{ delay: number; duration: number; ease: string; }' is not assignable to type 'ValueAnimationTransition<any>'.
                      Types of property 'ease' are incompatible.
                        Type 'string' is not assignable to type 'Easing | Easing[] | undefined'.
src/app/services/page.tsx(190,33): error TS2322: Type '{ hidden: { opacity: number; y: number; }; visible: (i: number) => { opacity: number; y: number; transition: { delay: number; duration: number; ease: string; }; }; }' is not assignable to type 'Variants'.
  Property 'visible' is incompatible with index signature.
    Type '(i: number) => { opacity: number; y: number; transition: { delay: number; duration: number; ease: string; }; }' is not assignable to type 'Variant'.
      Type '(i: number) => { opacity: number; y: number; transition: { delay: number; duration: number; ease: string; }; }' is not assignable to type 'TargetResolver'.
        Type '{ opacity: number; y: number; transition: { delay: number; duration: number; ease: string; }; }' is not assignable to type 'string | TargetAndTransition'.
          Type '{ opacity: number; y: number; transition: { delay: number; duration: number; ease: string; }; }' is not assignable to type 'TargetAndTransition'.
            Type '{ opacity: number; y: number; transition: { delay: number; duration: number; ease: string; }; }' is not assignable to type '{ transition?: Transition<any> | undefined; transitionEnd?: ResolvedValues$1 | undefined; }'.
              Types of property 'transition' are incompatible.
                Type '{ delay: number; duration: number; ease: string; }' is not assignable to type 'Transition<any> | undefined'.
                  Type '{ delay: number; duration: number; ease: string; }' is not assignable to type 'TransitionWithValueOverrides<any>'.
                    Type '{ delay: number; duration: number; ease: string; }' is not assignable to type 'ValueAnimationTransition<any>'.
                      Types of property 'ease' are incompatible.
                        Type 'string' is not assignable to type 'Easing | Easing[] | undefined'.
src/app/services/page.tsx(231,25): error TS2322: Type '{ hidden: { opacity: number; y: number; }; visible: (i: number) => { opacity: number; y: number; transition: { delay: number; duration: number; ease: string; }; }; }' is not assignable to type 'Variants'.
  Property 'visible' is incompatible with index signature.
    Type '(i: number) => { opacity: number; y: number; transition: { delay: number; duration: number; ease: string; }; }' is not assignable to type 'Variant'.
      Type '(i: number) => { opacity: number; y: number; transition: { delay: number; duration: number; ease: string; }; }' is not assignable to type 'TargetResolver'.
        Type '{ opacity: number; y: number; transition: { delay: number; duration: number; ease: string; }; }' is not assignable to type 'string | TargetAndTransition'.
          Type '{ opacity: number; y: number; transition: { delay: number; duration: number; ease: string; }; }' is not assignable to type 'TargetAndTransition'.
            Type '{ opacity: number; y: number; transition: { delay: number; duration: number; ease: string; }; }' is not assignable to type '{ transition?: Transition<any> | undefined; transitionEnd?: ResolvedValues$1 | undefined; }'.
              Types of property 'transition' are incompatible.
                Type '{ delay: number; duration: number; ease: string; }' is not assignable to type 'Transition<any> | undefined'.
                  Type '{ delay: number; duration: number; ease: string; }' is not assignable to type 'TransitionWithValueOverrides<any>'.
                    Type '{ delay: number; duration: number; ease: string; }' is not assignable to type 'ValueAnimationTransition<any>'.
                      Types of property 'ease' are incompatible.
                        Type 'string' is not assignable to type 'Easing | Easing[] | undefined'.
src/app/services/page.tsx(254,33): error TS2322: Type '{ hidden: { opacity: number; y: number; }; visible: (i: number) => { opacity: number; y: number; transition: { delay: number; duration: number; ease: string; }; }; }' is not assignable to type 'Variants'.
  Property 'visible' is incompatible with index signature.
    Type '(i: number) => { opacity: number; y: number; transition: { delay: number; duration: number; ease: string; }; }' is not assignable to type 'Variant'.
      Type '(i: number) => { opacity: number; y: number; transition: { delay: number; duration: number; ease: string; }; }' is not assignable to type 'TargetResolver'.
        Type '{ opacity: number; y: number; transition: { delay: number; duration: number; ease: string; }; }' is not assignable to type 'string | TargetAndTransition'.
          Type '{ opacity: number; y: number; transition: { delay: number; duration: number; ease: string; }; }' is not assignable to type 'TargetAndTransition'.
            Type '{ opacity: number; y: number; transition: { delay: number; duration: number; ease: string; }; }' is not assignable to type '{ transition?: Transition<any> | undefined; transitionEnd?: ResolvedValues$1 | undefined; }'.
              Types of property 'transition' are incompatible.
                Type '{ delay: number; duration: number; ease: string; }' is not assignable to type 'Transition<any> | undefined'.
                  Type '{ delay: number; duration: number; ease: string; }' is not assignable to type 'TransitionWithValueOverrides<any>'.
                    Type '{ delay: number; duration: number; ease: string; }' is not assignable to type 'ValueAnimationTransition<any>'.
                      Types of property 'ease' are incompatible.
                        Type 'string' is not assignable to type 'Easing | Easing[] | undefined'.
src/app/services/page.tsx(281,25): error TS2322: Type '{ hidden: { opacity: number; y: number; }; visible: (i: number) => { opacity: number; y: number; transition: { delay: number; duration: number; ease: string; }; }; }' is not assignable to type 'Variants'.
  Property 'visible' is incompatible with index signature.
    Type '(i: number) => { opacity: number; y: number; transition: { delay: number; duration: number; ease: string; }; }' is not assignable to type 'Variant'.
      Type '(i: number) => { opacity: number; y: number; transition: { delay: number; duration: number; ease: string; }; }' is not assignable to type 'TargetResolver'.
        Type '{ opacity: number; y: number; transition: { delay: number; duration: number; ease: string; }; }' is not assignable to type 'string | TargetAndTransition'.
          Type '{ opacity: number; y: number; transition: { delay: number; duration: number; ease: string; }; }' is not assignable to type 'TargetAndTransition'.
            Type '{ opacity: number; y: number; transition: { delay: number; duration: number; ease: string; }; }' is not assignable to type '{ transition?: Transition<any> | undefined; transitionEnd?: ResolvedValues$1 | undefined; }'.
              Types of property 'transition' are incompatible.
                Type '{ delay: number; duration: number; ease: string; }' is not assignable to type 'Transition<any> | undefined'.
                  Type '{ delay: number; duration: number; ease: string; }' is not assignable to type 'TransitionWithValueOverrides<any>'.
                    Type '{ delay: number; duration: number; ease: string; }' is not assignable to type 'ValueAnimationTransition<any>'.
                      Types of property 'ease' are incompatible.
                        Type 'string' is not assignable to type 'Easing | Easing[] | undefined'.
src/app/testimonials/page.tsx(139,25): error TS2322: Type '{ hidden: { opacity: number; y: number; }; visible: (i: number) => { opacity: number; y: number; transition: { delay: number; duration: number; ease: string; }; }; }' is not assignable to type 'Variants'.
  Property 'visible' is incompatible with index signature.
    Type '(i: number) => { opacity: number; y: number; transition: { delay: number; duration: number; ease: string; }; }' is not assignable to type 'Variant'.
      Type '(i: number) => { opacity: number; y: number; transition: { delay: number; duration: number; ease: string; }; }' is not assignable to type 'TargetResolver'.
        Type '{ opacity: number; y: number; transition: { delay: number; duration: number; ease: string; }; }' is not assignable to type 'string | TargetAndTransition'.
          Type '{ opacity: number; y: number; transition: { delay: number; duration: number; ease: string; }; }' is not assignable to type 'TargetAndTransition'.
            Type '{ opacity: number; y: number; transition: { delay: number; duration: number; ease: string; }; }' is not assignable to type '{ transition?: Transition<any> | undefined; transitionEnd?: ResolvedValues$1 | undefined; }'.
              Types of property 'transition' are incompatible.
                Type '{ delay: number; duration: number; ease: string; }' is not assignable to type 'Transition<any> | undefined'.
                  Type '{ delay: number; duration: number; ease: string; }' is not assignable to type 'TransitionWithValueOverrides<any>'.
                    Type '{ delay: number; duration: number; ease: string; }' is not assignable to type 'ValueAnimationTransition<any>'.
                      Types of property 'ease' are incompatible.
                        Type 'string' is not assignable to type 'Easing | Easing[] | undefined'.
src/app/testimonials/page.tsx(148,25): error TS2322: Type '{ hidden: { opacity: number; y: number; }; visible: (i: number) => { opacity: number; y: number; transition: { delay: number; duration: number; ease: string; }; }; }' is not assignable to type 'Variants'.
  Property 'visible' is incompatible with index signature.
    Type '(i: number) => { opacity: number; y: number; transition: { delay: number; duration: number; ease: string; }; }' is not assignable to type 'Variant'.
      Type '(i: number) => { opacity: number; y: number; transition: { delay: number; duration: number; ease: string; }; }' is not assignable to type 'TargetResolver'.
        Type '{ opacity: number; y: number; transition: { delay: number; duration: number; ease: string; }; }' is not assignable to type 'string | TargetAndTransition'.
          Type '{ opacity: number; y: number; transition: { delay: number; duration: number; ease: string; }; }' is not assignable to type 'TargetAndTransition'.
            Type '{ opacity: number; y: number; transition: { delay: number; duration: number; ease: string; }; }' is not assignable to type '{ transition?: Transition<any> | undefined; transitionEnd?: ResolvedValues$1 | undefined; }'.
              Types of property 'transition' are incompatible.
                Type '{ delay: number; duration: number; ease: string; }' is not assignable to type 'Transition<any> | undefined'.
                  Type '{ delay: number; duration: number; ease: string; }' is not assignable to type 'TransitionWithValueOverrides<any>'.
                    Type '{ delay: number; duration: number; ease: string; }' is not assignable to type 'ValueAnimationTransition<any>'.
                      Types of property 'ease' are incompatible.
                        Type 'string' is not assignable to type 'Easing | Easing[] | undefined'.
src/app/testimonials/page.tsx(158,25): error TS2322: Type '{ hidden: { opacity: number; y: number; }; visible: (i: number) => { opacity: number; y: number; transition: { delay: number; duration: number; ease: string; }; }; }' is not assignable to type 'Variants'.
  Property 'visible' is incompatible with index signature.
    Type '(i: number) => { opacity: number; y: number; transition: { delay: number; duration: number; ease: string; }; }' is not assignable to type 'Variant'.
      Type '(i: number) => { opacity: number; y: number; transition: { delay: number; duration: number; ease: string; }; }' is not assignable to type 'TargetResolver'.
        Type '{ opacity: number; y: number; transition: { delay: number; duration: number; ease: string; }; }' is not assignable to type 'string | TargetAndTransition'.
          Type '{ opacity: number; y: number; transition: { delay: number; duration: number; ease: string; }; }' is not assignable to type 'TargetAndTransition'.
            Type '{ opacity: number; y: number; transition: { delay: number; duration: number; ease: string; }; }' is not assignable to type '{ transition?: Transition<any> | undefined; transitionEnd?: ResolvedValues$1 | undefined; }'.
              Types of property 'transition' are incompatible.
                Type '{ delay: number; duration: number; ease: string; }' is not assignable to type 'Transition<any> | undefined'.
                  Type '{ delay: number; duration: number; ease: string; }' is not assignable to type 'TransitionWithValueOverrides<any>'.
                    Type '{ delay: number; duration: number; ease: string; }' is not assignable to type 'ValueAnimationTransition<any>'.
                      Types of property 'ease' are incompatible.
                        Type 'string' is not assignable to type 'Easing | Easing[] | undefined'.
src/app/testimonials/page.tsx(178,33): error TS2322: Type '{ hidden: { opacity: number; y: number; }; visible: (i: number) => { opacity: number; y: number; transition: { delay: number; duration: number; ease: string; }; }; }' is not assignable to type 'Variants'.
  Property 'visible' is incompatible with index signature.
    Type '(i: number) => { opacity: number; y: number; transition: { delay: number; duration: number; ease: string; }; }' is not assignable to type 'Variant'.
      Type '(i: number) => { opacity: number; y: number; transition: { delay: number; duration: number; ease: string; }; }' is not assignable to type 'TargetResolver'.
        Type '{ opacity: number; y: number; transition: { delay: number; duration: number; ease: string; }; }' is not assignable to type 'string | TargetAndTransition'.
          Type '{ opacity: number; y: number; transition: { delay: number; duration: number; ease: string; }; }' is not assignable to type 'TargetAndTransition'.
            Type '{ opacity: number; y: number; transition: { delay: number; duration: number; ease: string; }; }' is not assignable to type '{ transition?: Transition<any> | undefined; transitionEnd?: ResolvedValues$1 | undefined; }'.
              Types of property 'transition' are incompatible.
                Type '{ delay: number; duration: number; ease: string; }' is not assignable to type 'Transition<any> | undefined'.
                  Type '{ delay: number; duration: number; ease: string; }' is not assignable to type 'TransitionWithValueOverrides<any>'.
                    Type '{ delay: number; duration: number; ease: string; }' is not assignable to type 'ValueAnimationTransition<any>'.
                      Types of property 'ease' are incompatible.
                        Type 'string' is not assignable to type 'Easing | Easing[] | undefined'.
src/app/testimonials/page.tsx(235,25): error TS2322: Type '{ hidden: { opacity: number; y: number; }; visible: (i: number) => { opacity: number; y: number; transition: { delay: number; duration: number; ease: string; }; }; }' is not assignable to type 'Variants'.
  Property 'visible' is incompatible with index signature.
    Type '(i: number) => { opacity: number; y: number; transition: { delay: number; duration: number; ease: string; }; }' is not assignable to type 'Variant'.
      Type '(i: number) => { opacity: number; y: number; transition: { delay: number; duration: number; ease: string; }; }' is not assignable to type 'TargetResolver'.
        Type '{ opacity: number; y: number; transition: { delay: number; duration: number; ease: string; }; }' is not assignable to type 'string | TargetAndTransition'.
          Type '{ opacity: number; y: number; transition: { delay: number; duration: number; ease: string; }; }' is not assignable to type 'TargetAndTransition'.
            Type '{ opacity: number; y: number; transition: { delay: number; duration: number; ease: string; }; }' is not assignable to type '{ transition?: Transition<any> | undefined; transitionEnd?: ResolvedValues$1 | undefined; }'.
              Types of property 'transition' are incompatible.
                Type '{ delay: number; duration: number; ease: string; }' is not assignable to type 'Transition<any> | undefined'.
                  Type '{ delay: number; duration: number; ease: string; }' is not assignable to type 'TransitionWithValueOverrides<any>'.
                    Type '{ delay: number; duration: number; ease: string; }' is not assignable to type 'ValueAnimationTransition<any>'.
                      Types of property 'ease' are incompatible.
                        Type 'string' is not assignable to type 'Easing | Easing[] | undefined'.
src/app/testimonials/page.tsx(258,33): error TS2322: Type '{ hidden: { opacity: number; y: number; }; visible: (i: number) => { opacity: number; y: number; transition: { delay: number; duration: number; ease: string; }; }; }' is not assignable to type 'Variants'.
  Property 'visible' is incompatible with index signature.
    Type '(i: number) => { opacity: number; y: number; transition: { delay: number; duration: number; ease: string; }; }' is not assignable to type 'Variant'.
      Type '(i: number) => { opacity: number; y: number; transition: { delay: number; duration: number; ease: string; }; }' is not assignable to type 'TargetResolver'.
        Type '{ opacity: number; y: number; transition: { delay: number; duration: number; ease: string; }; }' is not assignable to type 'string | TargetAndTransition'.
          Type '{ opacity: number; y: number; transition: { delay: number; duration: number; ease: string; }; }' is not assignable to type 'TargetAndTransition'.
            Type '{ opacity: number; y: number; transition: { delay: number; duration: number; ease: string; }; }' is not assignable to type '{ transition?: Transition<any> | undefined; transitionEnd?: ResolvedValues$1 | undefined; }'.
              Types of property 'transition' are incompatible.
                Type '{ delay: number; duration: number; ease: string; }' is not assignable to type 'Transition<any> | undefined'.
                  Type '{ delay: number; duration: number; ease: string; }' is not assignable to type 'TransitionWithValueOverrides<any>'.
                    Type '{ delay: number; duration: number; ease: string; }' is not assignable to type 'ValueAnimationTransition<any>'.
                      Types of property 'ease' are incompatible.
                        Type 'string' is not assignable to type 'Easing | Easing[] | undefined'.
src/app/testimonials/page.tsx(285,25): error TS2322: Type '{ hidden: { opacity: number; y: number; }; visible: (i: number) => { opacity: number; y: number; transition: { delay: number; duration: number; ease: string; }; }; }' is not assignable to type 'Variants'.
  Property 'visible' is incompatible with index signature.
    Type '(i: number) => { opacity: number; y: number; transition: { delay: number; duration: number; ease: string; }; }' is not assignable to type 'Variant'.
      Type '(i: number) => { opacity: number; y: number; transition: { delay: number; duration: number; ease: string; }; }' is not assignable to type 'TargetResolver'.
        Type '{ opacity: number; y: number; transition: { delay: number; duration: number; ease: string; }; }' is not assignable to type 'string | TargetAndTransition'.
          Type '{ opacity: number; y: number; transition: { delay: number; duration: number; ease: string; }; }' is not assignable to type 'TargetAndTransition'.
            Type '{ opacity: number; y: number; transition: { delay: number; duration: number; ease: string; }; }' is not assignable to type '{ transition?: Transition<any> | undefined; transitionEnd?: ResolvedValues$1 | undefined; }'.
              Types of property 'transition' are incompatible.
                Type '{ delay: number; duration: number; ease: string; }' is not assignable to type 'Transition<any> | undefined'.
                  Type '{ delay: number; duration: number; ease: string; }' is not assignable to type 'TransitionWithValueOverrides<any>'.
                    Type '{ delay: number; duration: number; ease: string; }' is not assignable to type 'ValueAnimationTransition<any>'.
                      Types of property 'ease' are incompatible.
                        Type 'string' is not assignable to type 'Easing | Easing[] | undefined'.
